/home/runner/sycl-venv/lib/python3.11/site-packages/setuptools/dist.py:334: InformationOnly: Normalizing '0.21.0dev7+14.g5a5ae78e5' to '0.21.0.dev7+14.g5a5ae78e5'
  self.metadata.version = self._normalize_version(self.metadata.version)


--------------------------------------------------------------------------------
-- Trying 'Ninja' generator
--------------------------------
---------------------------
----------------------
-----------------
------------
-------
--
The --no-warn-unused-cli option is deprecated.  Use -Wno-unused-cli instead.
-- The C compiler identification is IntelLLVM 2026.1.1
-- Detecting C compiler ABI info
-- Detecting C compiler ABI info - done
-- Check for working C compiler: /opt/intel/oneapi/compiler/2026.1/bin/icx - skipped
-- Detecting C compile features
-- Detecting C compile features - done
-- The CXX compiler identification is IntelLLVM 2026.1.1
-- Detecting CXX compiler ABI info
-- Detecting CXX compiler ABI info - done
-- Check for working CXX compiler: /opt/intel/oneapi/compiler/2026.1/bin/icpx - skipped
-- Detecting CXX compile features
-- Detecting CXX compile features - done
-- Configuring done (0.4s)
-- Generating done (0.0s)
-- Build files have been written to: /home/runner/dpnp/_cmake_test_compile/build
--
-------
------------
-----------------
----------------------
---------------------------
--------------------------------
-- Trying 'Ninja' generator - success
--------------------------------------------------------------------------------

Configuring Project
  Working directory:
    /home/runner/dpnp/_skbuild/linux-x86_64-3.11/cmake-build
  Command:
    /home/runner/sycl-venv/lib/python3.11/site-packages/cmake/data/bin/cmake /home/runner/dpnp -G Ninja -DCMAKE_MAKE_PROGRAM:FILEPATH=/home/runner/sycl-venv/bin/ninja --no-warn-unused-cli -DCMAKE_INSTALL_PREFIX:PATH=/home/runner/dpnp/_skbuild/linux-x86_64-3.11/cmake-install -DPYTHON_VERSION_STRING:STRING=3.11.16 -DSKBUILD:INTERNAL=TRUE -DCMAKE_MODULE_PATH:PATH=/home/runner/sycl-venv/lib/python3.11/site-packages/skbuild/resources/cmake -DPYTHON_EXECUTABLE:PATH=/home/runner/sycl-venv/bin/python -DPYTHON_INCLUDE_DIR:PATH=/opt/hostedtoolcache/Python/3.11.16/x64/include/python3.11 -DPYTHON_LIBRARY:PATH=/opt/hostedtoolcache/Python/3.11.16/x64/lib/libpython3.11.so -DPython_EXECUTABLE:PATH=/home/runner/sycl-venv/bin/python -DPython_ROOT_DIR:PATH=/home/runner/sycl-venv -DPython_FIND_REGISTRY:STRING=NEVER -DPython_INCLUDE_DIR:PATH=/opt/hostedtoolcache/Python/3.11.16/x64/include/python3.11 -DPython_NumPy_INCLUDE_DIRS:PATH=/home/runner/sycl-venv/lib/python3.11/site-packages/numpy/_core/include -DPython3_EXECUTABLE:PATH=/home/runner/sycl-venv/bin/python -DPython3_ROOT_DIR:PATH=/home/runner/sycl-venv -DPython3_FIND_REGISTRY:STRING=NEVER -DPython3_INCLUDE_DIR:PATH=/opt/hostedtoolcache/Python/3.11.16/x64/include/python3.11 -DPython3_NumPy_INCLUDE_DIRS:PATH=/home/runner/sycl-venv/lib/python3.11/site-packages/numpy/_core/include -DCMAKE_MAKE_PROGRAM:FILEPATH=/home/runner/sycl-venv/bin/ninja -DCMAKE_C_COMPILER:PATH=icx -DCMAKE_CXX_COMPILER:PATH=icpx -DDpctl_ROOT=/home/runner/sycl-venv/lib/python3.11/site-packages/dpctl/resources/cmake -DCMAKE_C_COMPILER_LAUNCHER=ccache -DCMAKE_CXX_COMPILER_LAUNCHER=ccache -DCMAKE_BUILD_TYPE:STRING=Release

The --no-warn-unused-cli option is deprecated.  Use -Wno-unused-cli instead.
-- The CXX compiler identification is IntelLLVM 2026.1.1
-- Detecting CXX compiler ABI info
-- Detecting CXX compiler ABI info - done
-- Check for working CXX compiler: /opt/intel/oneapi/compiler/2026.1/bin/icpx - skipped
-- Detecting CXX compile features
-- Detecting CXX compile features - done
-- SYCL Compiler version: 20260101
-- SYCL_INCLUDE_DIR: /opt/intel/oneapi/compiler/2026.1/include
-- SYCL_LIBRARY=/opt/intel/oneapi/compiler/2026.1/lib/libsycl.so
-- MKL_VERSION: 2026.1.0
-- MKL_ROOT: /opt/intel/oneapi/mkl/2026.1
-- MKL_ARCH: intel64
-- MKL_SYCL_LINK: dynamic
-- MKL_LINK: dynamic
-- MKL_SYCL_INTERFACE_FULL: intel_ilp64
-- MKL_INTERFACE_FULL: intel_ilp64
-- MKL_SYCL_THREADING: tbb_thread
-- MKL_THREADING: tbb_thread
-- MKL_SYCL_MPI: None, set to ` intelmpi` by default
-- MKL_MPI: None, set to ` intelmpi` by default
-- Found /opt/intel/oneapi/mkl/2026.1/lib/libmkl_scalapack_ilp64.so
-- Found /opt/intel/oneapi/mkl/2026.1/lib/libmkl_cdft_core.so
-- Found /opt/intel/oneapi/mkl/2026.1/lib/libmkl_intel_ilp64.so
-- Found /opt/intel/oneapi/mkl/2026.1/lib/libmkl_tbb_thread.so
-- Found /opt/intel/oneapi/mkl/2026.1/lib/libmkl_core.so
-- Found /opt/intel/oneapi/mkl/2026.1/lib/libmkl_blacs_intelmpi_ilp64.so
-- Could NOT find mkl_sycl_distributed_dft for target MKL::MKL_SYCL_DISTRIBUTED_DFT
-- Found /opt/intel/oneapi/mkl/2026.1/lib/libmkl_sycl_blas.so
-- Found /opt/intel/oneapi/mkl/2026.1/lib/libmkl_sycl_lapack.so
-- Found /opt/intel/oneapi/mkl/2026.1/lib/libmkl_sycl_dft.so
-- Found /opt/intel/oneapi/mkl/2026.1/lib/libmkl_sycl_sparse.so
-- Found /opt/intel/oneapi/mkl/2026.1/lib/libmkl_sycl_data_fitting.so
-- Found /opt/intel/oneapi/mkl/2026.1/lib/libmkl_sycl_rng.so
-- Found /opt/intel/oneapi/mkl/2026.1/lib/libmkl_sycl_stats.so
-- Found /opt/intel/oneapi/mkl/2026.1/lib/libmkl_sycl_vm.so
-- Found /opt/intel/oneapi/tbb/2023.1/lib/intel64/gcc4.8/libtbb.so.12
-- oneDPL: ONEDPL_PAR_BACKEND=tbb, disable OpenMP backend
-- Performing Test _fsycl_option
-- Performing Test _fsycl_option - Success
-- Looking for C++ include sycl/sycl.hpp
-- Looking for C++ include sycl/sycl.hpp - found
-- Adding -fsycl compiler option
-- Found Python: /opt/hostedtoolcache/Python/3.11.16/x64/include/python3.11 (found suitable version "3.11.16", required range is "3.10...<3.15") found components: Development.Module NumPy Interpreter
-- pybind11 v3.1.0 
-- Performing Test HAS_INTEL_IPO
-- Performing Test HAS_INTEL_IPO - Success
-- Found Cython: /home/runner/sycl-venv/bin/cython
-- Found Python: /home/runner/sycl-venv/bin/python (found suitable version "3.11.16", minimum required is "3.10") found components: Interpreter Development.Module
-- Found Dpctl: /home/runner/sycl-venv/lib/python3.11/site-packages/dpctl/include (found version "0.23.0dev0+381.gf039637a9")
-- Dpctl_INCLUDE_DIR=/home/runner/sycl-venv/lib/python3.11/site-packages/dpctl/include
-- Found Python: /opt/hostedtoolcache/Python/3.11.16/x64/include/python3.11 (found version "3.11.16") found components: Development.Module
-- Using dpnp_algo
-- Using dpnp_algo_utils
-- Using dpnp_algo_random
-- Configuring done (6.0s)
-- Generating done (0.1s)
-- Build files have been written to: /home/runner/dpnp/_skbuild/linux-x86_64-3.11/cmake-build
[1/291] Building CXX object dpnp/backend/CMakeFiles/dpnp_backend_c.dir/src/dpnp_iface_fptr.cpp.o
[2/291] Building CXX object dpnp/backend/CMakeFiles/dpnp_backend_c.dir/kernels/dpnp_krnl_arraycreation.cpp.o
[3/291] Building CXX object dpnp/backend/CMakeFiles/dpnp_backend_c.dir/kernels/dpnp_krnl_common.cpp.o
[4/291] Building CXX object dpnp/backend/CMakeFiles/dpnp_backend_c.dir/src/memory_sycl.cpp.o
[5/291] Building CXX object dpnp/backend/CMakeFiles/dpnp_backend_c.dir/kernels/dpnp_krnl_random.cpp.o
[6/291] Generating CXX source dpnp/tensor/_usmarray.cxx
[7/291] Building CXX object dpnp/backend/CMakeFiles/dpnp_backend_c.dir/src/verbose.cpp.o
[8/291] Building CXX object dpnp/backend/CMakeFiles/dpnp_backend_c.dir/src/dpnp_random_state.cpp.o
[9/291] Building CXX object dpnp/backend/CMakeFiles/dpnp_backend_c.dir/kernels/dpnp_krnl_sorting.cpp.o
[10/291] Generating CXX source dpnp/tensor/_compute_follows_data.cxx
[11/291] Generating CXX source dpnp/tensor/_dlpack.cxx
[12/291] Building CXX object dpnp/tensor/CMakeFiles/simplify_iteration_space.dir/libtensor/source/simplify_iteration_space.cpp.o
[13/291] Generating CXX source dpnp/tensor/_slicing.cxx
[14/291] Generating CXX source dpnp/tensor/_flags.cxx
[15/291] Generating CXX source dpnp/tensor/_types.cxx
[16/291] Building CXX object dpnp/backend/CMakeFiles/dpnp_backend_c.dir/src/queue_sycl.cpp.o
[17/291] Generating CXX source dpnp/tensor/_stride_utils.cxx
[18/291] Building CXX object dpnp/tensor/CMakeFiles/_compute_follows_data.dir/_compute_follows_data.cxx.o
[19/291] Linking CXX shared library dpnp/backend/libdpnp_backend_c.so
[20/291] Building CXX object dpnp/tensor/CMakeFiles/_stride_utils.dir/_stride_utils.cxx.o
[21/291] Building CXX object dpnp/tensor/CMakeFiles/_usmarray.dir/_usmarray.cxx.o
[22/291] Generating CXX source dpnp/dpnp_algo/dpnp_algo.cxx
[23/291] Building CXX object dpnp/tensor/CMakeFiles/_flags.dir/_flags.cxx.o
[24/291] Linking CXX shared module dpnp/tensor/_usmarray.cpython-311-x86_64-linux-gnu.so
[25/291] Generating CXX source dpnp/dpnp_utils/dpnp_algo_utils.cxx
[26/291] Building CXX object dpnp/tensor/CMakeFiles/_dlpack.dir/_dlpack.cxx.o
[27/291] Building CXX object dpnp/tensor/CMakeFiles/_types.dir/_types.cxx.o
[28/291] Building CXX object dpnp/tensor/CMakeFiles/_slicing.dir/_slicing.cxx.o
[29/291] Generating CXX source dpnp/random/dpnp_algo_random.cxx
[30/291] Linking CXX static library dpnp/tensor/libsimplify_iteration_space.a
[31/291] Building CXX object dpnp/tensor/CMakeFiles/_tensor_impl.dir/libtensor/source/copy_for_reshape.cpp.o
[32/291] Building CXX object dpnp/tensor/CMakeFiles/_tensor_impl.dir/libtensor/source/tensor_ctors.cpp.o
[33/291] Building CXX object dpnp/tensor/CMakeFiles/_tensor_impl.dir/libtensor/source/copy_as_contig.cpp.o
[34/291] Building CXX object dpnp/tensor/CMakeFiles/_tensor_impl.dir/libtensor/source/linear_sequences.cpp.o
[35/291] Building CXX object dpnp/tensor/CMakeFiles/_tensor_impl.dir/libtensor/source/copy_for_roll.cpp.o
[36/291] Building CXX object dpnp/tensor/CMakeFiles/_tensor_impl.dir/libtensor/source/accumulators.cpp.o
[37/291] Building CXX object dpnp/tensor/CMakeFiles/_tensor_impl.dir/libtensor/source/eye_ctor.cpp.o
[38/291] Building CXX object dpnp/tensor/CMakeFiles/_tensor_impl.dir/libtensor/source/copy_and_cast_usm_to_usm.cpp.o
[39/291] Building CXX object dpnp/tensor/CMakeFiles/_tensor_impl.dir/libtensor/source/boolean_advanced_indexing.cpp.o
[40/291] Building CXX object dpnp/tensor/CMakeFiles/_tensor_impl.dir/libtensor/source/full_ctor.cpp.o
[41/291] Building CXX object dpnp/tensor/CMakeFiles/_tensor_impl.dir/libtensor/source/copy_numpy_ndarray_into_usm_ndarray.cpp.o
[42/291] Building CXX object dpnp/tensor/CMakeFiles/_tensor_impl.dir/libtensor/source/zeros_ctor.cpp.o
[43/291] Building CXX object dpnp/tensor/CMakeFiles/_tensor_impl.dir/libtensor/source/integer_advanced_indexing.cpp.o
[44/291] Building CXX object dpnp/tensor/CMakeFiles/_tensor_impl.dir/libtensor/source/device_support_queries.cpp.o
[45/291] Building CXX object dpnp/tensor/CMakeFiles/_tensor_impl.dir/libtensor/source/repeat.cpp.o
[46/291] Building CXX object dpnp/tensor/CMakeFiles/_tensor_impl.dir/libtensor/source/triul_ctor.cpp.o
[47/291] Building CXX object dpnp/tensor/CMakeFiles/_tensor_accumulation_impl.dir/libtensor/source/tensor_accumulation.cpp.o
[48/291] Building CXX object dpnp/tensor/CMakeFiles/_tensor_accumulation_impl.dir/libtensor/source/accumulators/accumulators_common.cpp.o
[49/291] Building CXX object dpnp/tensor/CMakeFiles/_tensor_impl.dir/libtensor/source/clip.cpp.o
[50/291] Building CXX object dpnp/tensor/CMakeFiles/_tensor_elementwise_impl.dir/libtensor/source/tensor_elementwise.cpp.o
[51/291] Building CXX object dpnp/tensor/CMakeFiles/_tensor_elementwise_impl.dir/libtensor/source/elementwise_functions/elementwise_common.cpp.o
[52/291] Building CXX object dpnp/tensor/CMakeFiles/_tensor_impl.dir/libtensor/source/where.cpp.o
[53/291] Building CXX object dpnp/tensor/CMakeFiles/_tensor_elementwise_impl.dir/libtensor/source/elementwise_functions/elementwise_functions_type_utils.cpp.o
[54/291] Building CXX object dpnp/tensor/CMakeFiles/_tensor_elementwise_impl.dir/libtensor/source/elementwise_functions/abs.cpp.o
[55/291] Building CXX object dpnp/tensor/CMakeFiles/_tensor_elementwise_impl.dir/libtensor/source/elementwise_functions/acos.cpp.o
[56/291] Building CXX object dpnp/tensor/CMakeFiles/_tensor_elementwise_impl.dir/libtensor/source/elementwise_functions/acosh.cpp.o
[57/291] Building CXX object dpnp/tensor/CMakeFiles/_tensor_elementwise_impl.dir/libtensor/source/elementwise_functions/add.cpp.o
[58/291] Building CXX object dpnp/tensor/CMakeFiles/_tensor_elementwise_impl.dir/libtensor/source/elementwise_functions/angle.cpp.o
[59/291] Building CXX object dpnp/tensor/CMakeFiles/_tensor_elementwise_impl.dir/libtensor/source/elementwise_functions/asin.cpp.o
[60/291] Building CXX object dpnp/tensor/CMakeFiles/_tensor_accumulation_impl.dir/libtensor/source/accumulators/cumulative_logsumexp.cpp.o
[61/291] Building CXX object dpnp/tensor/CMakeFiles/_tensor_accumulation_impl.dir/libtensor/source/accumulators/cumulative_sum.cpp.o
[62/291] Building CXX object dpnp/tensor/CMakeFiles/_tensor_elementwise_impl.dir/libtensor/source/elementwise_functions/asinh.cpp.o
[63/291] Building CXX object dpnp/tensor/CMakeFiles/_tensor_elementwise_impl.dir/libtensor/source/elementwise_functions/atan.cpp.o
[64/291] Building CXX object dpnp/tensor/CMakeFiles/_tensor_elementwise_impl.dir/libtensor/source/elementwise_functions/atan2.cpp.o
[65/291] Building CXX object dpnp/tensor/CMakeFiles/_tensor_accumulation_impl.dir/libtensor/source/accumulators/cumulative_prod.cpp.o
[66/291] Building CXX object dpnp/tensor/CMakeFiles/_tensor_elementwise_impl.dir/libtensor/source/elementwise_functions/atanh.cpp.o
[67/291] Building CXX object dpnp/tensor/CMakeFiles/_tensor_elementwise_impl.dir/libtensor/source/elementwise_functions/bitwise_invert.cpp.o
[68/291] Building CXX object dpnp/tensor/CMakeFiles/_tensor_elementwise_impl.dir/libtensor/source/elementwise_functions/bitwise_and.cpp.o
[69/291] Building CXX object dpnp/tensor/CMakeFiles/_tensor_elementwise_impl.dir/libtensor/source/elementwise_functions/bitwise_or.cpp.o
[70/291] Building CXX object dpnp/tensor/CMakeFiles/_tensor_elementwise_impl.dir/libtensor/source/elementwise_functions/bitwise_left_shift.cpp.o
[71/291] Building CXX object dpnp/tensor/CMakeFiles/_tensor_elementwise_impl.dir/libtensor/source/elementwise_functions/bitwise_right_shift.cpp.o
[72/291] Building CXX object dpnp/tensor/CMakeFiles/_tensor_elementwise_impl.dir/libtensor/source/elementwise_functions/cbrt.cpp.o
[73/291] Building CXX object dpnp/tensor/CMakeFiles/_tensor_elementwise_impl.dir/libtensor/source/elementwise_functions/bitwise_xor.cpp.o
[74/291] Building CXX object dpnp/tensor/CMakeFiles/_tensor_elementwise_impl.dir/libtensor/source/elementwise_functions/ceil.cpp.o
[75/291] Building CXX object dpnp/tensor/CMakeFiles/_tensor_elementwise_impl.dir/libtensor/source/elementwise_functions/conj.cpp.o
[76/291] Building CXX object dpnp/tensor/CMakeFiles/_tensor_elementwise_impl.dir/libtensor/source/elementwise_functions/cos.cpp.o
[77/291] Building CXX object dpnp/tensor/CMakeFiles/_tensor_elementwise_impl.dir/libtensor/source/elementwise_functions/copysign.cpp.o
[78/291] Building CXX object dpnp/tensor/CMakeFiles/_tensor_elementwise_impl.dir/libtensor/source/elementwise_functions/cosh.cpp.o
[79/291] Building CXX object dpnp/tensor/CMakeFiles/_tensor_elementwise_impl.dir/libtensor/source/elementwise_functions/equal.cpp.o
[80/291] Building CXX object dpnp/tensor/CMakeFiles/_tensor_elementwise_impl.dir/libtensor/source/elementwise_functions/exp.cpp.o
[81/291] Building CXX object dpnp/tensor/CMakeFiles/_tensor_elementwise_impl.dir/libtensor/source/elementwise_functions/exp2.cpp.o
[82/291] Building CXX object dpnp/tensor/CMakeFiles/_tensor_elementwise_impl.dir/libtensor/source/elementwise_functions/expm1.cpp.o
[83/291] Building CXX object dpnp/tensor/CMakeFiles/_tensor_elementwise_impl.dir/libtensor/source/elementwise_functions/greater_equal.cpp.o
[84/291] Building CXX object dpnp/tensor/CMakeFiles/_tensor_elementwise_impl.dir/libtensor/source/elementwise_functions/floor.cpp.o
[85/291] Building CXX object dpnp/tensor/CMakeFiles/_tensor_elementwise_impl.dir/libtensor/source/elementwise_functions/floor_divide.cpp.o
[86/291] Building CXX object dpnp/tensor/CMakeFiles/_tensor_elementwise_impl.dir/libtensor/source/elementwise_functions/greater.cpp.o
[87/291] Building CXX object dpnp/tensor/CMakeFiles/_tensor_elementwise_impl.dir/libtensor/source/elementwise_functions/hypot.cpp.o
[88/291] Building CXX object dpnp/tensor/CMakeFiles/_tensor_elementwise_impl.dir/libtensor/source/elementwise_functions/imag.cpp.o
[89/291] Building CXX object dpnp/tensor/CMakeFiles/_tensor_elementwise_impl.dir/libtensor/source/elementwise_functions/isfinite.cpp.o
[90/291] Building CXX object dpnp/tensor/CMakeFiles/_tensor_elementwise_impl.dir/libtensor/source/elementwise_functions/isinf.cpp.o
[91/291] Building CXX object dpnp/tensor/CMakeFiles/_tensor_elementwise_impl.dir/libtensor/source/elementwise_functions/isnan.cpp.o
[92/291] Building CXX object dpnp/tensor/CMakeFiles/_tensor_elementwise_impl.dir/libtensor/source/elementwise_functions/less_equal.cpp.o
[93/291] Building CXX object dpnp/tensor/CMakeFiles/_tensor_elementwise_impl.dir/libtensor/source/elementwise_functions/less.cpp.o
[94/291] Building CXX object dpnp/tensor/CMakeFiles/_tensor_elementwise_impl.dir/libtensor/source/elementwise_functions/log.cpp.o
[95/291] Building CXX object dpnp/tensor/CMakeFiles/_tensor_elementwise_impl.dir/libtensor/source/elementwise_functions/log1p.cpp.o
[96/291] Building CXX object dpnp/tensor/CMakeFiles/_tensor_elementwise_impl.dir/libtensor/source/elementwise_functions/log2.cpp.o
[97/291] Building CXX object dpnp/tensor/CMakeFiles/_tensor_elementwise_impl.dir/libtensor/source/elementwise_functions/log10.cpp.o
[98/291] Building CXX object dpnp/tensor/CMakeFiles/_tensor_elementwise_impl.dir/libtensor/source/elementwise_functions/logaddexp.cpp.o
[99/291] Building CXX object dpnp/tensor/CMakeFiles/_tensor_elementwise_impl.dir/libtensor/source/elementwise_functions/logical_not.cpp.o
[100/291] Building CXX object dpnp/tensor/CMakeFiles/_tensor_elementwise_impl.dir/libtensor/source/elementwise_functions/logical_and.cpp.o
[101/291] Building CXX object dpnp/tensor/CMakeFiles/_tensor_elementwise_impl.dir/libtensor/source/elementwise_functions/logical_or.cpp.o
[102/291] Building CXX object dpnp/tensor/CMakeFiles/_tensor_elementwise_impl.dir/libtensor/source/elementwise_functions/logical_xor.cpp.o
[103/291] Building CXX object dpnp/tensor/CMakeFiles/_tensor_elementwise_impl.dir/libtensor/source/elementwise_functions/maximum.cpp.o
[104/291] Building CXX object dpnp/tensor/CMakeFiles/_tensor_elementwise_impl.dir/libtensor/source/elementwise_functions/minimum.cpp.o
[105/291] Building CXX object dpnp/tensor/CMakeFiles/_tensor_elementwise_impl.dir/libtensor/source/elementwise_functions/negative.cpp.o
[106/291] Building CXX object dpnp/tensor/CMakeFiles/_tensor_elementwise_impl.dir/libtensor/source/elementwise_functions/nextafter.cpp.o
[107/291] Building CXX object dpnp/tensor/CMakeFiles/_tensor_elementwise_impl.dir/libtensor/source/elementwise_functions/multiply.cpp.o
[108/291] Building CXX object dpnp/tensor/CMakeFiles/_tensor_elementwise_impl.dir/libtensor/source/elementwise_functions/positive.cpp.o
[109/291] Building CXX object dpnp/tensor/CMakeFiles/_tensor_elementwise_impl.dir/libtensor/source/elementwise_functions/not_equal.cpp.o
[110/291] Building CXX object dpnp/tensor/CMakeFiles/_tensor_elementwise_impl.dir/libtensor/source/elementwise_functions/proj.cpp.o
[111/291] Building CXX object dpnp/tensor/CMakeFiles/_tensor_elementwise_impl.dir/libtensor/source/elementwise_functions/pow.cpp.o
[112/291] Building CXX object dpnp/tensor/CMakeFiles/_tensor_elementwise_impl.dir/libtensor/source/elementwise_functions/real.cpp.o
[113/291] Building CXX object dpnp/tensor/CMakeFiles/_tensor_elementwise_impl.dir/libtensor/source/elementwise_functions/reciprocal.cpp.o
[114/291] Building CXX object dpnp/tensor/CMakeFiles/_tensor_elementwise_impl.dir/libtensor/source/elementwise_functions/round.cpp.o
[115/291] Building CXX object dpnp/tensor/CMakeFiles/_tensor_elementwise_impl.dir/libtensor/source/elementwise_functions/remainder.cpp.o
[116/291] Building CXX object dpnp/tensor/CMakeFiles/_tensor_elementwise_impl.dir/libtensor/source/elementwise_functions/rsqrt.cpp.o
[117/291] Building CXX object dpnp/tensor/CMakeFiles/_tensor_elementwise_impl.dir/libtensor/source/elementwise_functions/sign.cpp.o
[118/291] Building CXX object dpnp/tensor/CMakeFiles/_tensor_elementwise_impl.dir/libtensor/source/elementwise_functions/sin.cpp.o
[119/291] Building CXX object dpnp/tensor/CMakeFiles/_tensor_elementwise_impl.dir/libtensor/source/elementwise_functions/signbit.cpp.o
[120/291] Building CXX object dpnp/tensor/CMakeFiles/_tensor_elementwise_impl.dir/libtensor/source/elementwise_functions/sinh.cpp.o
[121/291] Building CXX object dpnp/tensor/CMakeFiles/_tensor_elementwise_impl.dir/libtensor/source/elementwise_functions/sqrt.cpp.o
[122/291] Building CXX object dpnp/tensor/CMakeFiles/_tensor_elementwise_impl.dir/libtensor/source/elementwise_functions/square.cpp.o
[123/291] Building CXX object dpnp/tensor/CMakeFiles/_tensor_elementwise_impl.dir/libtensor/source/elementwise_functions/tanh.cpp.o
[124/291] Building CXX object dpnp/tensor/CMakeFiles/_tensor_elementwise_impl.dir/libtensor/source/elementwise_functions/subtract.cpp.o
[125/291] Building CXX object dpnp/tensor/CMakeFiles/_tensor_elementwise_impl.dir/libtensor/source/elementwise_functions/tan.cpp.o
[126/291] Building CXX object dpnp/tensor/CMakeFiles/_tensor_reductions_impl.dir/libtensor/source/reductions/reduction_common.cpp.o
[127/291] Building CXX object dpnp/tensor/CMakeFiles/_tensor_reductions_impl.dir/libtensor/source/tensor_reductions.cpp.o
[128/291] Building CXX object dpnp/tensor/CMakeFiles/_tensor_elementwise_impl.dir/libtensor/source/elementwise_functions/true_divide.cpp.o
[129/291] Building CXX object dpnp/tensor/CMakeFiles/_tensor_elementwise_impl.dir/libtensor/source/elementwise_functions/trunc.cpp.o
[130/291] Building CXX object dpnp/tensor/CMakeFiles/_tensor_reductions_impl.dir/libtensor/source/reductions/all.cpp.o
[131/291] Building CXX object dpnp/tensor/CMakeFiles/_tensor_reductions_impl.dir/libtensor/source/reductions/any.cpp.o
[132/291] Building CXX object dpnp/tensor/CMakeFiles/_tensor_reductions_impl.dir/libtensor/source/reductions/argmax.cpp.o
[133/291] Building CXX object dpnp/tensor/CMakeFiles/_tensor_reductions_impl.dir/libtensor/source/reductions/logsumexp.cpp.o
[134/291] Building CXX object dpnp/tensor/CMakeFiles/_tensor_reductions_impl.dir/libtensor/source/reductions/argmin.cpp.o
[135/291] Building CXX object dpnp/tensor/CMakeFiles/_tensor_reductions_impl.dir/libtensor/source/reductions/max.cpp.o
[136/291] Building CXX object dpnp/tensor/CMakeFiles/_tensor_reductions_impl.dir/libtensor/source/reductions/min.cpp.o
[137/291] Building CXX object dpnp/tensor/CMakeFiles/_tensor_sorting_impl.dir/libtensor/source/tensor_sorting.cpp.o
[138/291] Building CXX object dpnp/tensor/CMakeFiles/_tensor_sorting_impl.dir/libtensor/source/sorting/isin.cpp.o
[139/291] Building CXX object dpnp/tensor/CMakeFiles/_tensor_reductions_impl.dir/libtensor/source/reductions/reduce_hypot.cpp.o
[140/291] Building CXX object dpnp/tensor/CMakeFiles/_tensor_sorting_impl.dir/libtensor/source/sorting/merge_sort.cpp.o
[141/291] Building CXX object dpnp/tensor/CMakeFiles/_tensor_reductions_impl.dir/libtensor/source/reductions/prod.cpp.o
[142/291] Building CXX object dpnp/tensor/CMakeFiles/_tensor_sorting_impl.dir/libtensor/source/sorting/merge_argsort.cpp.o
[143/291] Building CXX object dpnp/tensor/CMakeFiles/_tensor_sorting_impl.dir/libtensor/source/sorting/searchsorted.cpp.o
[144/291] Building CXX object dpnp/tensor/CMakeFiles/_tensor_linalg_impl.dir/libtensor/source/elementwise_functions/elementwise_functions_type_utils.cpp.o
[145/291] Building CXX object dpnp/tensor/CMakeFiles/_tensor_linalg_impl.dir/libtensor/source/tensor_linalg.cpp.o
[146/291] Building CXX object dpnp/tensor/CMakeFiles/_tensor_reductions_impl.dir/libtensor/source/reductions/sum.cpp.o
[147/291] Building CXX object dpnp/tensor/CMakeFiles/_tensor_sorting_impl.dir/libtensor/source/sorting/radix_sort.cpp.o
[148/291] Building CXX object dpnp/backend/extensions/blas/CMakeFiles/_blas_impl.dir/blas_py.cpp.o
[149/291] Building CXX object dpnp/backend/extensions/blas/CMakeFiles/_blas_impl.dir/gemm.cpp.o
[150/291] Building CXX object dpnp/tensor/CMakeFiles/_tensor_sorting_impl.dir/libtensor/source/sorting/topk.cpp.o
[151/291] Building CXX object dpnp/backend/extensions/blas/CMakeFiles/_blas_impl.dir/gemv.cpp.o
[152/291] Building CXX object dpnp/backend/extensions/blas/CMakeFiles/_blas_impl.dir/gemm_batch.cpp.o
[153/291] Building CXX object dpnp/backend/extensions/blas/CMakeFiles/_blas_impl.dir/syrk.cpp.o
[154/291] Building CXX object dpnp/backend/extensions/indexing/CMakeFiles/_indexing_impl.dir/indexing_py.cpp.o
[155/291] Building CXX object dpnp/backend/extensions/fft/CMakeFiles/_fft_impl.dir/fft_py.cpp.o
[156/291] Building CXX object dpnp/backend/extensions/indexing/CMakeFiles/_indexing_impl.dir/choose.cpp.o
[157/291] Building CXX object dpnp/backend/extensions/lapack/CMakeFiles/_lapack_impl.dir/geqrf.cpp.o
[158/291] Building CXX object dpnp/backend/extensions/lapack/CMakeFiles/_lapack_impl.dir/lapack_py.cpp.o
[159/291] Building CXX object dpnp/tensor/CMakeFiles/_tensor_sorting_impl.dir/libtensor/source/sorting/radix_argsort.cpp.o
[160/291] Building CXX object dpnp/backend/extensions/lapack/CMakeFiles/_lapack_impl.dir/geqrf_batch.cpp.o
[161/291] Building CXX object dpnp/tensor/CMakeFiles/_tensor_linalg_impl.dir/libtensor/source/linalg_functions/dot.cpp.o
[162/291] Building CXX object dpnp/backend/extensions/lapack/CMakeFiles/_lapack_impl.dir/gesv.cpp.o
[163/291] Building CXX object dpnp/backend/extensions/lapack/CMakeFiles/_lapack_impl.dir/gesvd.cpp.o
[164/291] Building CXX object dpnp/backend/extensions/lapack/CMakeFiles/_lapack_impl.dir/gesv_batch.cpp.o
[165/291] Building CXX object dpnp/backend/extensions/lapack/CMakeFiles/_lapack_impl.dir/gesvd_batch.cpp.o
[166/291] Building CXX object dpnp/backend/extensions/lapack/CMakeFiles/_lapack_impl.dir/getrf.cpp.o
[167/291] Building CXX object dpnp/backend/extensions/lapack/CMakeFiles/_lapack_impl.dir/getrf_batch.cpp.o
[168/291] Building CXX object dpnp/backend/extensions/lapack/CMakeFiles/_lapack_impl.dir/getri_batch.cpp.o
[169/291] Building CXX object dpnp/backend/extensions/lapack/CMakeFiles/_lapack_impl.dir/getrs.cpp.o
[170/291] Building CXX object dpnp/backend/extensions/lapack/CMakeFiles/_lapack_impl.dir/getrs_batch.cpp.o
[171/291] Building CXX object dpnp/backend/extensions/lapack/CMakeFiles/_lapack_impl.dir/heevd.cpp.o
[172/291] Building CXX object dpnp/backend/extensions/lapack/CMakeFiles/_lapack_impl.dir/orgqr.cpp.o
[173/291] Building CXX object dpnp/backend/extensions/lapack/CMakeFiles/_lapack_impl.dir/heevd_batch.cpp.o
[174/291] Building CXX object dpnp/backend/extensions/lapack/CMakeFiles/_lapack_impl.dir/orgqr_batch.cpp.o
[175/291] Building CXX object dpnp/backend/extensions/lapack/CMakeFiles/_lapack_impl.dir/potrf.cpp.o
[176/291] Building CXX object dpnp/backend/extensions/lapack/CMakeFiles/_lapack_impl.dir/potrf_batch.cpp.o
[177/291] Building CXX object dpnp/backend/extensions/lapack/CMakeFiles/_lapack_impl.dir/syevd_batch.cpp.o
[178/291] Building CXX object dpnp/backend/extensions/lapack/CMakeFiles/_lapack_impl.dir/ungqr.cpp.o
[179/291] Building CXX object dpnp/backend/extensions/lapack/CMakeFiles/_lapack_impl.dir/syevd.cpp.o
[180/291] Building CXX object dpnp/backend/extensions/lapack/CMakeFiles/_lapack_impl.dir/ungqr_batch.cpp.o
[181/291] Building CXX object dpnp/backend/extensions/statistics/CMakeFiles/_statistics_impl.dir/bincount.cpp.o
[182/291] Building CXX object dpnp/backend/extensions/statistics/CMakeFiles/_statistics_impl.dir/histogram_common.cpp.o
[183/291] Building CXX object dpnp/backend/extensions/statistics/CMakeFiles/_statistics_impl.dir/sliding_dot_product1d.cpp.o
[184/291] Building CXX object dpnp/backend/extensions/statistics/CMakeFiles/_statistics_impl.dir/histogram.cpp.o
[185/291] Building CXX object dpnp/backend/extensions/statistics/CMakeFiles/_statistics_impl.dir/sliding_window1d.cpp.o
[186/291] Building CXX object dpnp/backend/extensions/statistics/CMakeFiles/_statistics_impl.dir/histogramdd.cpp.o
[187/291] Building CXX object dpnp/backend/extensions/statistics/CMakeFiles/_statistics_impl.dir/statistics_py.cpp.o
[188/291] Building CXX object dpnp/backend/extensions/ufunc/CMakeFiles/_ufunc_impl.dir/__/elementwise_functions/simplify_iteration_space.cpp.o
[189/291] Building CXX object dpnp/backend/extensions/ufunc/CMakeFiles/_ufunc_impl.dir/ufunc_py.cpp.o
[190/291] Building CXX object dpnp/backend/extensions/ufunc/CMakeFiles/_ufunc_impl.dir/__/elementwise_functions/elementwise_functions_type_utils.cpp.o
[191/291] Building CXX object dpnp/backend/extensions/ufunc/CMakeFiles/_ufunc_impl.dir/elementwise_functions/common.cpp.o
[192/291] Building CXX object dpnp/backend/extensions/ufunc/CMakeFiles/_ufunc_impl.dir/elementwise_functions/bitwise_count.cpp.o
[193/291] Building CXX object dpnp/backend/extensions/ufunc/CMakeFiles/_ufunc_impl.dir/elementwise_functions/degrees.cpp.o
[194/291] Building CXX object dpnp/backend/extensions/ufunc/CMakeFiles/_ufunc_impl.dir/elementwise_functions/fabs.cpp.o
[195/291] Building CXX object dpnp/backend/extensions/ufunc/CMakeFiles/_ufunc_impl.dir/elementwise_functions/divmod.cpp.o
[196/291] Building CXX object dpnp/backend/extensions/ufunc/CMakeFiles/_ufunc_impl.dir/elementwise_functions/erf_funcs.cpp.o
[197/291] Building CXX object dpnp/backend/extensions/ufunc/CMakeFiles/_ufunc_impl.dir/elementwise_functions/float_power.cpp.o
[198/291] Building CXX object dpnp/backend/extensions/ufunc/CMakeFiles/_ufunc_impl.dir/elementwise_functions/fmax.cpp.o
[199/291] Building CXX object dpnp/backend/extensions/ufunc/CMakeFiles/_ufunc_impl.dir/elementwise_functions/fmin.cpp.o
[200/291] Building CXX object dpnp/backend/extensions/ufunc/CMakeFiles/_ufunc_impl.dir/elementwise_functions/fmod.cpp.o
[201/291] Building CXX object dpnp/backend/extensions/ufunc/CMakeFiles/_ufunc_impl.dir/elementwise_functions/gcd.cpp.o
[202/291] Building CXX object dpnp/backend/extensions/ufunc/CMakeFiles/_ufunc_impl.dir/elementwise_functions/frexp.cpp.o
[203/291] Building CXX object dpnp/backend/extensions/ufunc/CMakeFiles/_ufunc_impl.dir/elementwise_functions/heaviside.cpp.o
[204/291] Building CXX object dpnp/backend/extensions/ufunc/CMakeFiles/_ufunc_impl.dir/elementwise_functions/i0.cpp.o
[205/291] Building CXX object dpnp/backend/extensions/ufunc/CMakeFiles/_ufunc_impl.dir/elementwise_functions/isclose.cpp.o
[206/291] Building CXX object dpnp/backend/extensions/ufunc/CMakeFiles/_ufunc_impl.dir/elementwise_functions/lcm.cpp.o
[207/291] Building CXX object dpnp/backend/extensions/ufunc/CMakeFiles/_ufunc_impl.dir/elementwise_functions/interpolate.cpp.o
[208/291] Building CXX object dpnp/backend/extensions/ufunc/CMakeFiles/_ufunc_impl.dir/elementwise_functions/logaddexp2.cpp.o
[209/291] Building CXX object dpnp/backend/extensions/ufunc/CMakeFiles/_ufunc_impl.dir/elementwise_functions/ldexp.cpp.o
[210/291] Building CXX object dpnp/backend/extensions/ufunc/CMakeFiles/_ufunc_impl.dir/elementwise_functions/modf.cpp.o
[211/291] Building CXX object dpnp/backend/extensions/ufunc/CMakeFiles/_ufunc_impl.dir/elementwise_functions/nan_to_num.cpp.o
[212/291] Building CXX object dpnp/backend/extensions/vm/CMakeFiles/_vm_impl.dir/__/elementwise_functions/elementwise_functions_type_utils.cpp.o
[213/291] Building CXX object dpnp/backend/extensions/ufunc/CMakeFiles/_ufunc_impl.dir/elementwise_functions/sinc.cpp.o
[214/291] Building CXX object dpnp/backend/extensions/ufunc/CMakeFiles/_ufunc_impl.dir/elementwise_functions/radians.cpp.o
[215/291] Building CXX object dpnp/backend/extensions/vm/CMakeFiles/_vm_impl.dir/__/elementwise_functions/simplify_iteration_space.cpp.o
[216/291] Building CXX object dpnp/backend/extensions/vm/CMakeFiles/_vm_impl.dir/vm_py.cpp.o
[217/291] Building CXX object dpnp/backend/extensions/ufunc/CMakeFiles/_ufunc_impl.dir/elementwise_functions/spacing.cpp.o
[218/291] Building CXX object dpnp/backend/extensions/vm/CMakeFiles/_vm_impl.dir/acos.cpp.o
[219/291] Building CXX object dpnp/backend/extensions/vm/CMakeFiles/_vm_impl.dir/add.cpp.o
[220/291] Building CXX object dpnp/backend/extensions/vm/CMakeFiles/_vm_impl.dir/acosh.cpp.o
[221/291] Building CXX object dpnp/backend/extensions/vm/CMakeFiles/_vm_impl.dir/asin.cpp.o
[222/291] Building CXX object dpnp/backend/extensions/vm/CMakeFiles/_vm_impl.dir/abs.cpp.o
[223/291] Building CXX object dpnp/backend/extensions/vm/CMakeFiles/_vm_impl.dir/arg.cpp.o
[224/291] Building CXX object dpnp/backend/extensions/vm/CMakeFiles/_vm_impl.dir/atan2.cpp.o
[225/291] Building CXX object dpnp/backend/extensions/vm/CMakeFiles/_vm_impl.dir/asinh.cpp.o
[226/291] Building CXX object dpnp/backend/extensions/vm/CMakeFiles/_vm_impl.dir/atan.cpp.o
[227/291] Building CXX object dpnp/backend/extensions/vm/CMakeFiles/_vm_impl.dir/cbrt.cpp.o
[228/291] Building CXX object dpnp/backend/extensions/vm/CMakeFiles/_vm_impl.dir/ceil.cpp.o
[229/291] Building CXX object dpnp/backend/extensions/vm/CMakeFiles/_vm_impl.dir/atanh.cpp.o
[230/291] Building CXX object dpnp/backend/extensions/vm/CMakeFiles/_vm_impl.dir/conj.cpp.o
[231/291] Building CXX object dpnp/backend/extensions/vm/CMakeFiles/_vm_impl.dir/cos.cpp.o
[232/291] Building CXX object dpnp/backend/extensions/vm/CMakeFiles/_vm_impl.dir/copysign.cpp.o
[233/291] Building CXX object dpnp/backend/extensions/vm/CMakeFiles/_vm_impl.dir/div.cpp.o
[234/291] Building CXX object dpnp/backend/extensions/vm/CMakeFiles/_vm_impl.dir/cosh.cpp.o
[235/291] Building CXX object dpnp/backend/extensions/vm/CMakeFiles/_vm_impl.dir/erf_funcs.cpp.o
[236/291] Building CXX object dpnp/backend/extensions/vm/CMakeFiles/_vm_impl.dir/exp.cpp.o
[237/291] Building CXX object dpnp/backend/extensions/vm/CMakeFiles/_vm_impl.dir/exp2.cpp.o
[238/291] Building CXX object dpnp/backend/extensions/vm/CMakeFiles/_vm_impl.dir/expm1.cpp.o
[239/291] Building CXX object dpnp/backend/extensions/vm/CMakeFiles/_vm_impl.dir/floor.cpp.o
[240/291] Building CXX object dpnp/backend/extensions/vm/CMakeFiles/_vm_impl.dir/fmax.cpp.o
[241/291] Building CXX object dpnp/backend/extensions/vm/CMakeFiles/_vm_impl.dir/fmin.cpp.o
[242/291] Building CXX object dpnp/backend/extensions/vm/CMakeFiles/_vm_impl.dir/fmod.cpp.o
[243/291] Building CXX object dpnp/backend/extensions/vm/CMakeFiles/_vm_impl.dir/i0.cpp.o
[244/291] Building CXX object dpnp/backend/extensions/vm/CMakeFiles/_vm_impl.dir/hypot.cpp.o
[245/291] Building CXX object dpnp/backend/extensions/vm/CMakeFiles/_vm_impl.dir/ln.cpp.o
[246/291] Building CXX object dpnp/backend/extensions/vm/CMakeFiles/_vm_impl.dir/inv.cpp.o
[247/291] Building CXX object dpnp/backend/extensions/vm/CMakeFiles/_vm_impl.dir/log1p.cpp.o
[248/291] Building CXX object dpnp/backend/extensions/vm/CMakeFiles/_vm_impl.dir/log10.cpp.o
[249/291] Building CXX object dpnp/backend/extensions/vm/CMakeFiles/_vm_impl.dir/log2.cpp.o
[250/291] Building CXX object dpnp/backend/extensions/vm/CMakeFiles/_vm_impl.dir/nextafter.cpp.o
[251/291] Building CXX object dpnp/backend/extensions/vm/CMakeFiles/_vm_impl.dir/modf.cpp.o
[252/291] Building CXX object dpnp/backend/extensions/vm/CMakeFiles/_vm_impl.dir/mul.cpp.o
[253/291] Building CXX object dpnp/backend/extensions/vm/CMakeFiles/_vm_impl.dir/rint.cpp.o
[254/291] Building CXX object dpnp/backend/extensions/vm/CMakeFiles/_vm_impl.dir/pow.cpp.o
[255/291] Building CXX object dpnp/backend/extensions/vm/CMakeFiles/_vm_impl.dir/sqr.cpp.o
[256/291] Building CXX object dpnp/backend/extensions/vm/CMakeFiles/_vm_impl.dir/sin.cpp.o
[257/291] Building CXX object dpnp/backend/extensions/vm/CMakeFiles/_vm_impl.dir/sinh.cpp.o
[258/291] Building CXX object dpnp/backend/extensions/vm/CMakeFiles/_vm_impl.dir/sqrt.cpp.o
[259/291] Building CXX object dpnp/backend/extensions/vm/CMakeFiles/_vm_impl.dir/sub.cpp.o
[260/291] Building CXX object dpnp/backend/extensions/vm/CMakeFiles/_vm_impl.dir/tan.cpp.o
[261/291] Building CXX object dpnp/backend/extensions/window/CMakeFiles/_window_impl.dir/kaiser.cpp.o
[262/291] Building CXX object dpnp/backend/extensions/vm/CMakeFiles/_vm_impl.dir/tanh.cpp.o
[263/291] Linking CXX shared module dpnp/tensor/_compute_follows_data.cpython-311-x86_64-linux-gnu.so
[264/291] Linking CXX shared module dpnp/tensor/_dlpack.cpython-311-x86_64-linux-gnu.so
[265/291] Linking CXX shared module dpnp/tensor/_flags.cpython-311-x86_64-linux-gnu.so
[266/291] Linking CXX shared module dpnp/tensor/_slicing.cpython-311-x86_64-linux-gnu.so
[267/291] Linking CXX shared module dpnp/tensor/_stride_utils.cpython-311-x86_64-linux-gnu.so
[268/291] Linking CXX shared module dpnp/tensor/_types.cpython-311-x86_64-linux-gnu.so
[269/291] Building CXX object dpnp/dpnp_algo/CMakeFiles/dpnp_algo.dir/dpnp_algo.cxx.o
[270/291] Building CXX object dpnp/backend/extensions/window/CMakeFiles/_window_impl.dir/window_py.cpp.o
[271/291] Building CXX object dpnp/backend/extensions/vm/CMakeFiles/_vm_impl.dir/trunc.cpp.o
[272/291] Building CXX object dpnp/dpnp_utils/CMakeFiles/dpnp_algo_utils.dir/dpnp_algo_utils.cxx.o
[273/291] Building CXX object dpnp/random/CMakeFiles/dpnp_algo_random.dir/dpnp_algo_random.cxx.o
[274/291] Linking CXX shared module dpnp/tensor/_tensor_linalg_impl.cpython-311-x86_64-linux-gnu.so
[275/291] Linking CXX shared module dpnp/backend/extensions/blas/_blas_impl.cpython-311-x86_64-linux-gnu.so
[276/291] Linking CXX shared module dpnp/backend/extensions/fft/_fft_impl.cpython-311-x86_64-linux-gnu.so
[277/291] Linking CXX shared module dpnp/backend/extensions/indexing/_indexing_impl.cpython-311-x86_64-linux-gnu.so
[278/291] Linking CXX shared module dpnp/tensor/_tensor_elementwise_impl.cpython-311-x86_64-linux-gnu.so
[279/291] Linking CXX shared module dpnp/tensor/_tensor_accumulation_impl.cpython-311-x86_64-linux-gnu.so
[280/291] Linking CXX shared module dpnp/backend/extensions/lapack/_lapack_impl.cpython-311-x86_64-linux-gnu.so
[281/291] Linking CXX shared module dpnp/backend/extensions/statistics/_statistics_impl.cpython-311-x86_64-linux-gnu.so
[282/291] Linking CXX shared module dpnp/backend/extensions/window/_window_impl.cpython-311-x86_64-linux-gnu.so
[283/291] Linking CXX shared module dpnp/dpnp_algo/dpnp_algo.cpython-311-x86_64-linux-gnu.so
[284/291] Linking CXX shared module dpnp/dpnp_utils/dpnp_algo_utils.cpython-311-x86_64-linux-gnu.so
[285/291] Linking CXX shared module dpnp/backend/extensions/vm/_vm_impl.cpython-311-x86_64-linux-gnu.so
[286/291] Linking CXX shared module dpnp/random/dpnp_algo_random.cpython-311-x86_64-linux-gnu.so
[287/291] Linking CXX shared module dpnp/backend/extensions/ufunc/_ufunc_impl.cpython-311-x86_64-linux-gnu.so
[288/291] Linking CXX shared module dpnp/tensor/_tensor_impl.cpython-311-x86_64-linux-gnu.so
[289/291] Linking CXX shared module dpnp/tensor/_tensor_sorting_impl.cpython-311-x86_64-linux-gnu.so
[290/291] Linking CXX shared module dpnp/tensor/_tensor_reductions_impl.cpython-311-x86_64-linux-gnu.so
[290/291] Install the project...
-- Install configuration: "Release"
-- Installing: /home/runner/dpnp/_skbuild/linux-x86_64-3.11/cmake-install/dpnp/resources/cmake/dpnp-config.cmake
-- Installing: /home/runner/dpnp/_skbuild/linux-x86_64-3.11/cmake-install/lib/cmake/dpnp/dpnp-config.cmake
-- Installing: /home/runner/dpnp/_skbuild/linux-x86_64-3.11/cmake-install/dpnp/include/dpnp4pybind11.hpp
-- Installing: /home/runner/dpnp/_skbuild/linux-x86_64-3.11/cmake-install/dpnp/include/usm_ndarray_constants.h
-- Installing: /home/runner/dpnp/_skbuild/linux-x86_64-3.11/cmake-install/dpnp/tensor/_compute_follows_data.cpython-311-x86_64-linux-gnu.so
-- Set non-toolchain portion of runtime path of "/home/runner/dpnp/_skbuild/linux-x86_64-3.11/cmake-install/dpnp/tensor/_compute_follows_data.cpython-311-x86_64-linux-gnu.so" to "$ORIGIN/.."
-- Installing: /home/runner/dpnp/_skbuild/linux-x86_64-3.11/cmake-install/dpnp/tensor/_dlpack.cpython-311-x86_64-linux-gnu.so
-- Set non-toolchain portion of runtime path of "/home/runner/dpnp/_skbuild/linux-x86_64-3.11/cmake-install/dpnp/tensor/_dlpack.cpython-311-x86_64-linux-gnu.so" to "$ORIGIN/.."
-- Installing: /home/runner/dpnp/_skbuild/linux-x86_64-3.11/cmake-install/dpnp/tensor/_flags.cpython-311-x86_64-linux-gnu.so
-- Set non-toolchain portion of runtime path of "/home/runner/dpnp/_skbuild/linux-x86_64-3.11/cmake-install/dpnp/tensor/_flags.cpython-311-x86_64-linux-gnu.so" to "$ORIGIN/.."
-- Installing: /home/runner/dpnp/_skbuild/linux-x86_64-3.11/cmake-install/dpnp/tensor/_slicing.cpython-311-x86_64-linux-gnu.so
-- Set non-toolchain portion of runtime path of "/home/runner/dpnp/_skbuild/linux-x86_64-3.11/cmake-install/dpnp/tensor/_slicing.cpython-311-x86_64-linux-gnu.so" to "$ORIGIN/.."
-- Installing: /home/runner/dpnp/_skbuild/linux-x86_64-3.11/cmake-install/dpnp/tensor/_stride_utils.cpython-311-x86_64-linux-gnu.so
-- Set non-toolchain portion of runtime path of "/home/runner/dpnp/_skbuild/linux-x86_64-3.11/cmake-install/dpnp/tensor/_stride_utils.cpython-311-x86_64-linux-gnu.so" to "$ORIGIN/.."
-- Installing: /home/runner/dpnp/_skbuild/linux-x86_64-3.11/cmake-install/dpnp/tensor/_types.cpython-311-x86_64-linux-gnu.so
-- Set non-toolchain portion of runtime path of "/home/runner/dpnp/_skbuild/linux-x86_64-3.11/cmake-install/dpnp/tensor/_types.cpython-311-x86_64-linux-gnu.so" to "$ORIGIN/.."
-- Installing: /home/runner/dpnp/_skbuild/linux-x86_64-3.11/cmake-install/dpnp/tensor/_usmarray.cpython-311-x86_64-linux-gnu.so
-- Set non-toolchain portion of runtime path of "/home/runner/dpnp/_skbuild/linux-x86_64-3.11/cmake-install/dpnp/tensor/_usmarray.cpython-311-x86_64-linux-gnu.so" to "$ORIGIN/.."
-- Installing: /home/runner/dpnp/_skbuild/linux-x86_64-3.11/cmake-install/dpnp/include/dpnp/tensor/_usmarray_api.h
-- Installing: /home/runner/dpnp/_skbuild/linux-x86_64-3.11/cmake-install/dpnp/include/dpnp/tensor/_usmarray.h
-- Installing: /home/runner/dpnp/_skbuild/linux-x86_64-3.11/cmake-install/dpnp/tensor/_tensor_impl.cpython-311-x86_64-linux-gnu.so
-- Installing: /home/runner/dpnp/_skbuild/linux-x86_64-3.11/cmake-install/dpnp/tensor/_tensor_accumulation_impl.cpython-311-x86_64-linux-gnu.so
-- Installing: /home/runner/dpnp/_skbuild/linux-x86_64-3.11/cmake-install/dpnp/tensor/_tensor_elementwise_impl.cpython-311-x86_64-linux-gnu.so
-- Installing: /home/runner/dpnp/_skbuild/linux-x86_64-3.11/cmake-install/dpnp/tensor/_tensor_reductions_impl.cpython-311-x86_64-linux-gnu.so
-- Installing: /home/runner/dpnp/_skbuild/linux-x86_64-3.11/cmake-install/dpnp/tensor/_tensor_sorting_impl.cpython-311-x86_64-linux-gnu.so
-- Installing: /home/runner/dpnp/_skbuild/linux-x86_64-3.11/cmake-install/dpnp/tensor/_tensor_linalg_impl.cpython-311-x86_64-linux-gnu.so
-- Installing: /home/runner/dpnp/_skbuild/linux-x86_64-3.11/cmake-install/dpnp/libdpnp_backend_c.so
-- Set non-toolchain portion of runtime path of "/home/runner/dpnp/_skbuild/linux-x86_64-3.11/cmake-install/dpnp/libdpnp_backend_c.so" to ""
-- Installing: /home/runner/dpnp/_skbuild/linux-x86_64-3.11/cmake-install/dpnp/backend/extensions/blas/_blas_impl.cpython-311-x86_64-linux-gnu.so
-- Installing: /home/runner/dpnp/_skbuild/linux-x86_64-3.11/cmake-install/dpnp/backend/extensions/fft/_fft_impl.cpython-311-x86_64-linux-gnu.so
-- Installing: /home/runner/dpnp/_skbuild/linux-x86_64-3.11/cmake-install/dpnp/backend/extensions/indexing/_indexing_impl.cpython-311-x86_64-linux-gnu.so
-- Installing: /home/runner/dpnp/_skbuild/linux-x86_64-3.11/cmake-install/dpnp/backend/extensions/lapack/_lapack_impl.cpython-311-x86_64-linux-gnu.so
-- Installing: /home/runner/dpnp/_skbuild/linux-x86_64-3.11/cmake-install/dpnp/backend/extensions/statistics/_statistics_impl.cpython-311-x86_64-linux-gnu.so
-- Installing: /home/runner/dpnp/_skbuild/linux-x86_64-3.11/cmake-install/dpnp/backend/extensions/ufunc/_ufunc_impl.cpython-311-x86_64-linux-gnu.so
-- Installing: /home/runner/dpnp/_skbuild/linux-x86_64-3.11/cmake-install/dpnp/backend/extensions/vm/_vm_impl.cpython-311-x86_64-linux-gnu.so
-- Installing: /home/runner/dpnp/_skbuild/linux-x86_64-3.11/cmake-install/dpnp/backend/extensions/window/_window_impl.cpython-311-x86_64-linux-gnu.so
-- Installing: /home/runner/dpnp/_skbuild/linux-x86_64-3.11/cmake-install/dpnp/dpnp_algo/dpnp_algo.cpython-311-x86_64-linux-gnu.so
-- Set non-toolchain portion of runtime path of "/home/runner/dpnp/_skbuild/linux-x86_64-3.11/cmake-install/dpnp/dpnp_algo/dpnp_algo.cpython-311-x86_64-linux-gnu.so" to "$ORIGIN/.."
-- Installing: /home/runner/dpnp/_skbuild/linux-x86_64-3.11/cmake-install/dpnp/dpnp_utils/dpnp_algo_utils.cpython-311-x86_64-linux-gnu.so
-- Set non-toolchain portion of runtime path of "/home/runner/dpnp/_skbuild/linux-x86_64-3.11/cmake-install/dpnp/dpnp_utils/dpnp_algo_utils.cpython-311-x86_64-linux-gnu.so" to "$ORIGIN/.."
-- Installing: /home/runner/dpnp/_skbuild/linux-x86_64-3.11/cmake-install/dpnp/random/dpnp_algo_random.cpython-311-x86_64-linux-gnu.so
-- Set non-toolchain portion of runtime path of "/home/runner/dpnp/_skbuild/linux-x86_64-3.11/cmake-install/dpnp/random/dpnp_algo_random.cpython-311-x86_64-linux-gnu.so" to "$ORIGIN/.."
copying _skbuild/linux-x86_64-3.11/cmake-install/dpnp/libdpnp_backend_c.so -> dpnp/libdpnp_backend_c.so
creating directory dpnp/resources/cmake
copying _skbuild/linux-x86_64-3.11/cmake-install/dpnp/resources/cmake/dpnp-config.cmake -> dpnp/resources/cmake/dpnp-config.cmake
copying _skbuild/linux-x86_64-3.11/cmake-install/dpnp/include/dpnp4pybind11.hpp -> dpnp/include/dpnp4pybind11.hpp
copying _skbuild/linux-x86_64-3.11/cmake-install/dpnp/include/usm_ndarray_constants.h -> dpnp/include/usm_ndarray_constants.h
creating directory dpnp/include/dpnp/tensor
copying _skbuild/linux-x86_64-3.11/cmake-install/dpnp/include/dpnp/tensor/_usmarray_api.h -> dpnp/include/dpnp/tensor/_usmarray_api.h
copying _skbuild/linux-x86_64-3.11/cmake-install/dpnp/include/dpnp/tensor/_usmarray.h -> dpnp/include/dpnp/tensor/_usmarray.h
copying _skbuild/linux-x86_64-3.11/cmake-install/dpnp/libdpnp_backend_c.so -> dpnp/libdpnp_backend_c.so
copying _skbuild/linux-x86_64-3.11/cmake-install/dpnp/backend/extensions/blas/_blas_impl.cpython-311-x86_64-linux-gnu.so -> dpnp/backend/extensions/blas/_blas_impl.cpython-311-x86_64-linux-gnu.so
copying _skbuild/linux-x86_64-3.11/cmake-install/dpnp/backend/extensions/fft/_fft_impl.cpython-311-x86_64-linux-gnu.so -> dpnp/backend/extensions/fft/_fft_impl.cpython-311-x86_64-linux-gnu.so
copying _skbuild/linux-x86_64-3.11/cmake-install/dpnp/backend/extensions/indexing/_indexing_impl.cpython-311-x86_64-linux-gnu.so -> dpnp/backend/extensions/indexing/_indexing_impl.cpython-311-x86_64-linux-gnu.so
copying _skbuild/linux-x86_64-3.11/cmake-install/dpnp/backend/extensions/lapack/_lapack_impl.cpython-311-x86_64-linux-gnu.so -> dpnp/backend/extensions/lapack/_lapack_impl.cpython-311-x86_64-linux-gnu.so
copying _skbuild/linux-x86_64-3.11/cmake-install/dpnp/backend/extensions/statistics/_statistics_impl.cpython-311-x86_64-linux-gnu.so -> dpnp/backend/extensions/statistics/_statistics_impl.cpython-311-x86_64-linux-gnu.so
copying _skbuild/linux-x86_64-3.11/cmake-install/dpnp/backend/extensions/ufunc/_ufunc_impl.cpython-311-x86_64-linux-gnu.so -> dpnp/backend/extensions/ufunc/_ufunc_impl.cpython-311-x86_64-linux-gnu.so
copying _skbuild/linux-x86_64-3.11/cmake-install/dpnp/backend/extensions/vm/_vm_impl.cpython-311-x86_64-linux-gnu.so -> dpnp/backend/extensions/vm/_vm_impl.cpython-311-x86_64-linux-gnu.so
copying _skbuild/linux-x86_64-3.11/cmake-install/dpnp/backend/extensions/window/_window_impl.cpython-311-x86_64-linux-gnu.so -> dpnp/backend/extensions/window/_window_impl.cpython-311-x86_64-linux-gnu.so
copying _skbuild/linux-x86_64-3.11/cmake-install/dpnp/tensor/_compute_follows_data.cpython-311-x86_64-linux-gnu.so -> dpnp/tensor/_compute_follows_data.cpython-311-x86_64-linux-gnu.so
copying _skbuild/linux-x86_64-3.11/cmake-install/dpnp/tensor/_dlpack.cpython-311-x86_64-linux-gnu.so -> dpnp/tensor/_dlpack.cpython-311-x86_64-linux-gnu.so
copying _skbuild/linux-x86_64-3.11/cmake-install/dpnp/tensor/_flags.cpython-311-x86_64-linux-gnu.so -> dpnp/tensor/_flags.cpython-311-x86_64-linux-gnu.so
copying _skbuild/linux-x86_64-3.11/cmake-install/dpnp/tensor/_slicing.cpython-311-x86_64-linux-gnu.so -> dpnp/tensor/_slicing.cpython-311-x86_64-linux-gnu.so
copying _skbuild/linux-x86_64-3.11/cmake-install/dpnp/tensor/_stride_utils.cpython-311-x86_64-linux-gnu.so -> dpnp/tensor/_stride_utils.cpython-311-x86_64-linux-gnu.so
copying _skbuild/linux-x86_64-3.11/cmake-install/dpnp/tensor/_types.cpython-311-x86_64-linux-gnu.so -> dpnp/tensor/_types.cpython-311-x86_64-linux-gnu.so
copying _skbuild/linux-x86_64-3.11/cmake-install/dpnp/tensor/_usmarray.cpython-311-x86_64-linux-gnu.so -> dpnp/tensor/_usmarray.cpython-311-x86_64-linux-gnu.so
copying _skbuild/linux-x86_64-3.11/cmake-install/dpnp/tensor/_tensor_impl.cpython-311-x86_64-linux-gnu.so -> dpnp/tensor/_tensor_impl.cpython-311-x86_64-linux-gnu.so
copying _skbuild/linux-x86_64-3.11/cmake-install/dpnp/tensor/_tensor_accumulation_impl.cpython-311-x86_64-linux-gnu.so -> dpnp/tensor/_tensor_accumulation_impl.cpython-311-x86_64-linux-gnu.so
copying _skbuild/linux-x86_64-3.11/cmake-install/dpnp/tensor/_tensor_elementwise_impl.cpython-311-x86_64-linux-gnu.so -> dpnp/tensor/_tensor_elementwise_impl.cpython-311-x86_64-linux-gnu.so
copying _skbuild/linux-x86_64-3.11/cmake-install/dpnp/tensor/_tensor_reductions_impl.cpython-311-x86_64-linux-gnu.so -> dpnp/tensor/_tensor_reductions_impl.cpython-311-x86_64-linux-gnu.so
copying _skbuild/linux-x86_64-3.11/cmake-install/dpnp/tensor/_tensor_sorting_impl.cpython-311-x86_64-linux-gnu.so -> dpnp/tensor/_tensor_sorting_impl.cpython-311-x86_64-linux-gnu.so
copying _skbuild/linux-x86_64-3.11/cmake-install/dpnp/tensor/_tensor_linalg_impl.cpython-311-x86_64-linux-gnu.so -> dpnp/tensor/_tensor_linalg_impl.cpython-311-x86_64-linux-gnu.so
copying _skbuild/linux-x86_64-3.11/cmake-install/dpnp/dpnp_algo/dpnp_algo.cpython-311-x86_64-linux-gnu.so -> dpnp/dpnp_algo/dpnp_algo.cpython-311-x86_64-linux-gnu.so
copying _skbuild/linux-x86_64-3.11/cmake-install/dpnp/dpnp_utils/dpnp_algo_utils.cpython-311-x86_64-linux-gnu.so -> dpnp/dpnp_utils/dpnp_algo_utils.cpython-311-x86_64-linux-gnu.so
copying _skbuild/linux-x86_64-3.11/cmake-install/dpnp/random/dpnp_algo_random.cpython-311-x86_64-linux-gnu.so -> dpnp/random/dpnp_algo_random.cpython-311-x86_64-linux-gnu.so

/home/runner/sycl-venv/lib/python3.11/site-packages/setuptools/dist.py:334: InformationOnly: Normalizing '0.21.0dev7+14.g5a5ae78e5' to '0.21.0.dev7+14.g5a5ae78e5'
  self.metadata.version = self._normalize_version(self.metadata.version)
running build_ext
Obtaining file:///home/runner/dpnp
  Checking if build backend supports build_editable: started
  Checking if build backend supports build_editable: finished with status 'done'
  Preparing editable metadata (pyproject.toml): started
  Preparing editable metadata (pyproject.toml): finished with status 'done'
Requirement already satisfied: dpctl>=0.23.0dev0 in /home/runner/sycl-venv/lib/python3.11/site-packages (from dpnp==0.21.0.dev7+14.g5a5ae78e5) (0.23.0.dev0+381.gf039637a9)
Requirement already satisfied: numpy>=1.26.0 in /home/runner/sycl-venv/lib/python3.11/site-packages (from dpnp==0.21.0.dev7+14.g5a5ae78e5) (2.4.6)
Building wheels for collected packages: dpnp
  Building editable for dpnp (pyproject.toml): started
  Building editable for dpnp (pyproject.toml): finished with status 'done'
  Created wheel for dpnp: filename=dpnp-0.21.0.dev7+14.g5a5ae78e5-0.editable-py3-none-any.whl size=5958 sha256=478df0ba43ab4887685b39a21f939fe182c3664b3d2c2ca52fd68998c0b46c6e
  Stored in directory: /tmp/pip-ephem-wheel-cache-r4vox_0s/wheels/56/b3/87/8b5c7fe12061d9778c0e132c6f17a7bf0f13ca5ea492ff8df9
Successfully built dpnp
Installing collected packages: dpnp
Successfully installed dpnp-0.21.0.dev7+14.g5a5ae78e5
[build_locally] Found DPCTL CMake dir: /home/runner/sycl-venv/lib/python3.11/site-packages/dpctl/resources/cmake
[build_locally] Using CMake args:
-DCMAKE_C_COMPILER:PATH=icx -DCMAKE_CXX_COMPILER:PATH=icpx -DDpctl_ROOT=/home/runner/sycl-venv/lib/python3.11/site-packages/dpctl/resources/cmake -DCMAKE_C_COMPILER_LAUNCHER=ccache -DCMAKE_CXX_COMPILER_LAUNCHER=ccache
[build_locally] Building extensions in-place...
+ /home/runner/sycl-venv/bin/python setup.py build_ext --inplace --generator=Ninja --build-type=Release -- -DCMAKE_C_COMPILER:PATH=icx -DCMAKE_CXX_COMPILER:PATH=icpx -DDpctl_ROOT=/home/runner/sycl-venv/lib/python3.11/site-packages/dpctl/resources/cmake -DCMAKE_C_COMPILER_LAUNCHER=ccache -DCMAKE_CXX_COMPILER_LAUNCHER=ccache
+ /home/runner/sycl-venv/bin/python -m pip install -e . --no-build-isolation
[build_locally] Build complete
Processing ./.
  Preparing metadata (pyproject.toml): started
  Preparing metadata (pyproject.toml): finished with status 'done'
Building wheels for collected packages: dpnp
  Building wheel for dpnp (pyproject.toml): started
  Building wheel for dpnp (pyproject.toml): still running...
  Building wheel for dpnp (pyproject.toml): still running...
  Building wheel for dpnp (pyproject.toml): still running...
  Building wheel for dpnp (pyproject.toml): still running...
  Building wheel for dpnp (pyproject.toml): finished with status 'done'
  Created wheel for dpnp: filename=dpnp-0.21.0.dev7+14.g5a5ae78e5-cp311-cp311-linux_x86_64.whl size=29512349 sha256=529dfd205b004929cf6b79ca40478b4c9167b86b78597c9b6d6d47afdb9fc750
  Stored in directory: /tmp/pip-ephem-wheel-cache-5t80c522/wheels/56/b3/87/8b5c7fe12061d9778c0e132c6f17a7bf0f13ca5ea492ff8df9
Successfully built dpnp
Installing collected packages: dpnp
  Attempting uninstall: dpnp
    Found existing installation: dpnp 0.21.0.dev7+14.g5a5ae78e5
    Uninstalling dpnp-0.21.0.dev7+14.g5a5ae78e5:
      Successfully uninstalled dpnp-0.21.0.dev7+14.g5a5ae78e5
Successfully installed dpnp-0.21.0.dev7+14.g5a5ae78e5
dpnp OK 0.21.0dev7+14.g5a5ae78e5
